// Jest Snapshot v1, https://goo.gl/fbAQLP

exports[`Render a Navigation Bar 1`] = `
<div
  className="container"
>
  <div
    className="heading"
  >
    <img
      alt="space logo"
      src="space-img.png"
      style={
        Object {
          "height": "40px",
          "width": "40px",
        }
      }
    />
    <h1>
      Space Travelers' Hub
    </h1>
  </div>
  <ul
    className="list"
  >
    <li>
      <a
        aria-current="page"
        className="active"
        href="/"
        onClick={[Function]}
        style={
          Object {
            "color": "blue",
            "fontWeight": "500",
            "textDecoration": "underline",
          }
        }
      >
        Rockets
      </a>
    </li>
    <li>
      <a
        className=""
        href="/missions"
        onClick={[Function]}
        style={
          Object {
            "color": "blue",
            "fontWeight": "500",
            "textDecoration": "none",
          }
        }
      >
        Missions
      </a>
      <span
        style={
          Object {
            "color": "black",
            "marginLeft": "10px",
            "width": "0.2em",
          }
        }
      >
        |
      </span>
    </li>
    <li>
      <a
        className=""
        href="/myprofile"
        onClick={[Function]}
        style={
          Object {
            "color": "blue",
            "fontWeight": "500",
            "textDecoration": "none",
          }
        }
      >
        My profile
      </a>
    </li>
  </ul>
</div>
`;
